// Jest Snapshot v1, https://goo.gl/fbAQLP

exports[`LearnLandingView renders and matches snapshot 1`] = `
<styled.div
  className="learn-container-wrapper mdCard col-xs-12"
>
  <div
    className="logo-wrapper col-xs-12"
  >
    <img
      src="test-file-stub"
    />
    <h1>
      Learnolotl
    </h1>
  </div>
  <div
    className="demo-wrapper
 col-xs-12
 col-lg-6
 "
  >
    <LearnDataSelect />
  </div>
  <div
    className="uploader-wrapper
 col-xs-12
 col-lg-6
 "
  >
    <Learn />
  </div>
</styled.div>
`;
