// Jest Snapshot v1, https://goo.gl/fbAQLP

exports[`Router renders and matches snapshot 1`] = `
<BrowserRouter>
  <div
    className="Router 
 col-xs-12 col-sm-8 col-sm-offset-2 
 col-lg-6 col-lg-offset-3
 clearfix"
  >
    <Connect(NavigationContainer) />
    <styled.div
      className="route-content-wrapper col-xs-12"
    >
      <Route
        component={[Function]}
        exact={true}
        path="/"
      />
      <Route
        component={[Function]}
        exact={true}
        path="/Learnolotl/"
      />
      <Route
        component={[Function]}
        exact={true}
        path="/Learnolotl/learn"
      />
      <Route
        component={[Function]}
        path="/learn/flashcards"
      />
      <Route
        component={[Function]}
        path="/Learnolotl/build"
      />
      <Route
        component={[Function]}
        path="/Learnolotl/about"
      />
    </styled.div>
  </div>
</BrowserRouter>
`;
